// Jest Snapshot v1, https://jestjs.io/docs/snapshot-testing

exports[`LoadingOverlay renders pulse animation and matches snapshot 1`] = `null`;
